Flow report for TimeMachine
Fri Sep 06 17:27:33 2019
Quartus II 32-bit Version 13.0.1 Build 232 06/12/2013 Service Pack 1 SJ Web Edition


---------------------
; Table of Contents ;
---------------------
  1. Legal Notice
  2. Flow Summary
  3. Flow Settings
  4. Flow Non-Default Global Settings
  5. Flow Elapsed Time
  6. Flow OS Summary
  7. Flow Log
  8. Flow Messages
  9. Flow Suppressed Messages



----------------
; Legal Notice ;
----------------
Copyright (C) 1991-2013 Altera Corporation
Your use of Altera Corporation's design tools, logic functions 
and other software and tools, and its AMPP partner logic 
functions, and any output files from any of the foregoing 
(including device programming or simulation files), and any 
associated documentation or information are expressly subject 
to the terms and conditions of the Altera Program License 
Subscription Agreement, Altera MegaCore Function License 
Agreement, or other applicable license agreement, including, 
without limitation, that your use is for the sole purpose of 
programming logic devices manufactured by Altera and sold by 
Altera or its authorized distributors.  Please refer to the 
applicable agreement for further details.



+-----------------------------------------------------------------------------+
; Flow Summary                                                                ;
+---------------------------+-------------------------------------------------+
; Flow Status               ; Successful - Fri Sep 06 17:27:28 2019           ;
; Quartus II 32-bit Version ; 13.0.1 Build 232 06/12/2013 SP 1 SJ Web Edition ;
; Revision Name             ; TimeMachine                                     ;
; Top-level Entity Name     ; TimeMachine                                     ;
; Family                    ; MAX7000S                                        ;
; Device                    ; EPM7128SLC84-15                                 ;
; Timing Models             ; Final                                           ;
; Total macrocells          ; 84 / 128 ( 66 % )                               ;
; Total pins                ; 68 / 68 ( 100 % )                               ;
+---------------------------+-------------------------------------------------+


+-----------------------------------------+
; Flow Settings                           ;
+-------------------+---------------------+
; Option            ; Setting             ;
+-------------------+---------------------+
; Start date & time ; 09/06/2019 17:27:16 ;
; Main task         ; Compilation         ;
; Revision Name     ; TimeMachine         ;
+-------------------+---------------------+


+---------------------------------------------------------------------------------------------------------------------+
; Flow Non-Default Global Settings                                                                                    ;
+--------------------------------------------+-----------------------------+---------------+-------------+------------+
; Assignment Name                            ; Value                       ; Default Value ; Entity Name ; Section Id ;
+--------------------------------------------+-----------------------------+---------------+-------------+------------+
; ALM_REGISTER_PACKING_EFFORT                ; High                        ; Medium        ; --          ; --         ;
; AUTO_LCELL_INSERTION                       ; Off                         ; On            ; --          ; --         ;
; AUTO_PARALLEL_EXPANDERS                    ; Off                         ; On            ; --          ; --         ;
; AUTO_TURBO_BIT                             ; Off                         ; On            ; --          ; --         ;
; COMPILER_SIGNATURE_ID                      ; 52238299365.156780523602196 ; --            ; --          ; --         ;
; ECO_OPTIMIZE_TIMING                        ; On                          ; Off           ; --          ; --         ;
; ECO_REGENERATE_REPORT                      ; On                          ; Off           ; --          ; --         ;
; FITTER_EFFORT                              ; Standard Fit                ; Auto Fit      ; --          ; --         ;
; MAX7000_IGNORE_LCELL_BUFFERS               ; Off                         ; Auto          ; --          ; --         ;
; MAX_CORE_JUNCTION_TEMP                     ; 85                          ; --            ; --          ; --         ;
; MIN_CORE_JUNCTION_TEMP                     ; 0                           ; --            ; --          ; --         ;
; OPTIMIZE_HOLD_TIMING                       ; Off                         ; --            ; --          ; --         ;
; OPTIMIZE_IOC_REGISTER_PLACEMENT_FOR_TIMING ; Pack All IO Registers       ; Normal        ; --          ; --         ;
; PROJECT_OUTPUT_DIRECTORY                   ; output_files                ; --            ; --          ; --         ;
; SLOW_SLEW_RATE                             ; On                          ; Off           ; --          ; --         ;
; SYNTH_MESSAGE_LEVEL                        ; High                        ; Medium        ; --          ; --         ;
; SYNTH_TIMING_DRIVEN_SYNTHESIS              ; Off                         ; --            ; --          ; --         ;
+--------------------------------------------+-----------------------------+---------------+-------------+------------+


+-------------------------------------------------------------------------------------------------------------------------------+
; Flow Elapsed Time                                                                                                             ;
+---------------------------+--------------+-------------------------+---------------------+------------------------------------+
; Module Name               ; Elapsed Time ; Average Processors Used ; Peak Virtual Memory ; Total CPU Time (on all processors) ;
+---------------------------+--------------+-------------------------+---------------------+------------------------------------+
; Analysis & Synthesis      ; 00:00:07     ; 1.0                     ; 312 MB              ; 00:00:06                           ;
; Fitter                    ; 00:00:04     ; 1.0                     ; 287 MB              ; 00:00:04                           ;
; Assembler                 ; 00:00:01     ; 1.0                     ; 275 MB              ; 00:00:02                           ;
; TimeQuest Timing Analyzer ; 00:00:03     ; 1.0                     ; 267 MB              ; 00:00:03                           ;
; Total                     ; 00:00:15     ; --                      ; --                  ; 00:00:15                           ;
+---------------------------+--------------+-------------------------+---------------------+------------------------------------+


+-----------------------------------------------------------------------------------------+
; Flow OS Summary                                                                         ;
+---------------------------+------------------+------------+------------+----------------+
; Module Name               ; Machine Hostname ; OS Name    ; OS Version ; Processor type ;
+---------------------------+------------------+------------+------------+----------------+
; Analysis & Synthesis      ; zane-f8c4ec68a5  ; Windows XP ; 5.1        ; i686           ;
; Fitter                    ; zane-f8c4ec68a5  ; Windows XP ; 5.1        ; i686           ;
; Assembler                 ; zane-f8c4ec68a5  ; Windows XP ; 5.1        ; i686           ;
; TimeQuest Timing Analyzer ; zane-f8c4ec68a5  ; Windows XP ; 5.1        ; i686           ;
+---------------------------+------------------+------------+------------+----------------+


------------
; Flow Log ;
------------
quartus_map --read_settings_files=on --write_settings_files=off TimeMachine -c TimeMachine
quartus_fit --read_settings_files=off --write_settings_files=off TimeMachine -c TimeMachine
quartus_asm --read_settings_files=off --write_settings_files=off TimeMachine -c TimeMachine
quartus_sta TimeMachine -c TimeMachine



